
*****
***** Welcome to the Xyce(TM) Parallel Electronic Simulator
*****
***** This is version Xyce Release 7.10-opensource
***** Date: Wed Aug 12 11:12:04 CEST 2026


***** Executing netlist /evidence/work/xyce-tran.cir

***** Reading and parsing netlist...
Netlist warning: No print specified
***** Setting up topology...

***** Device Count Summary ...
       R level 1 (Resistor)                   1
       V level 1 (Independent Voltage Source) 1
       ----------------------------------------
       Total Devices                          2
***** Setting up matrix structure...
***** Number of Unknowns = 2
***** Initializing...

***** Beginning DC Operating Point Calculation...

***** Beginning Transient Calculation...

***** Percent complete: 1.5 %
***** Current system time: Wed Aug 12 11:12:04 2026
***** Estimated time to completion:  0 sec.

***** Percent complete: 3.5 %
***** Current system time: Wed Aug 12 11:12:04 2026
***** Estimated time to completion:  0 sec.

***** Percent complete: 7.5 %
***** Current system time: Wed Aug 12 11:12:04 2026
***** Estimated time to completion:  0 sec.

***** Percent complete: 11.5 %
***** Current system time: Wed Aug 12 11:12:04 2026
***** Estimated time to completion:  0 sec.

***** Percent complete: 19.5 %
***** Current system time: Wed Aug 12 11:12:04 2026
***** Estimated time to completion:  0 sec.

***** Percent complete: 27.5 %
***** Current system time: Wed Aug 12 11:12:04 2026
***** Estimated time to completion:  0 sec.

***** Percent complete: 35.5 %
***** Current system time: Wed Aug 12 11:12:04 2026
***** Estimated time to completion:  0 sec.

***** Percent complete: 43.5 %
***** Current system time: Wed Aug 12 11:12:04 2026
***** Estimated time to completion:  0 sec.

***** Percent complete: 51.5 %
***** Current system time: Wed Aug 12 11:12:04 2026
***** Estimated time to completion:  0 sec.

***** Percent complete: 59.5 %
***** Current system time: Wed Aug 12 11:12:04 2026
***** Estimated time to completion:  0 sec.

***** Percent complete: 67.5 %
***** Current system time: Wed Aug 12 11:12:04 2026
***** Estimated time to completion:  0 sec.

***** Percent complete: 75.5 %
***** Current system time: Wed Aug 12 11:12:04 2026
***** Estimated time to completion:  0 sec.

***** Percent complete: 83.5 %
***** Current system time: Wed Aug 12 11:12:04 2026
***** Estimated time to completion:  0 sec.

***** Percent complete: 91.5 %
***** Current system time: Wed Aug 12 11:12:04 2026
***** Estimated time to completion:  0 sec.

***** Percent complete: 99.5 %
***** Current system time: Wed Aug 12 11:12:04 2026
***** Estimated time to completion:  0 sec.

***** Problem read in and set up time: 0.00503087 seconds
 ***** DCOP time: 0.00296187 seconds.  Breakdown follows:
	Number Successful Steps Taken:		1
	Number Failed Steps Attempted:		0
	Number Jacobians Evaluated:		1
	Number Linear Solves:			1
	Number Failed Linear Solves:		0
	Number Residual Evaluations:		3
	Number Nonlinear Convergence Failures:	0
	Total Residual Load Time:		0.000113964 seconds
	Total Jacobian Load Time:		1.81198e-05 seconds
	Total Linear Solution Time:		0.000166893 seconds

 ***** Transient Stepping time: 0.00162411 seconds.  Breakdown follows:
	Number Successful Steps Taken:		17
	Number Failed Steps Attempted:		0
	Number Jacobians Evaluated:		17
	Number Linear Solves:			17
	Number Failed Linear Solves:		0
	Number Residual Evaluations:		34
	Number Nonlinear Convergence Failures:	0
	Total Residual Load Time:		0.000187635 seconds
	Total Jacobian Load Time:		9.48906e-05 seconds
	Total Linear Solution Time:		0.000133038 seconds


***** Solution Summary *****
	Number Successful Steps Taken:		18
	Number Failed Steps Attempted:		0
	Number Jacobians Evaluated:		18
	Number Linear Solves:			18
	Number Failed Linear Solves:		0
	Number Residual Evaluations:		37
	Number Nonlinear Convergence Failures:	0
	Total Residual Load Time:		0.0003016 seconds
	Total Jacobian Load Time:		0.00011301 seconds
	Total Linear Solution Time:		0.000299931 seconds


***** Total Simulation Solvers Run Time: 0.0048492 seconds
***** Total Elapsed Run Time:            0.00985098 seconds
*****
***** End of Xyce(TM) Simulation
*****

Timing summary of 1 processor
                 Stats                   Count       CPU Time              Wall Time
---------------------------------------- ----- --------------------- ---------------------
Xyce                                         1        0.086 (100.0%)        0.415 (100.0%)
  Analysis                                   1        0.004 ( 4.19%)        0.005 ( 1.15%)
    Transient                                1        0.004 ( 4.19%)        0.005 ( 1.15%)
      Nonlinear Solve                       18        0.002 ( 2.55%)        0.002 ( 0.52%)
        Residual                            37        0.000 ( 0.44%)        0.000 ( 0.09%)
        Jacobian                            18        0.000 ( 0.18%)        0.000 ( 0.04%)
        Linear Solve                        18        0.000 ( 0.39%)        0.000 ( 0.08%)
      Successful DCOP Steps                  1        0.000 ( 0.57%)        0.000 ( 0.12%)
      Successful Step                       17        0.000 ( 0.37%)        0.000 ( 0.08%)
  Netlist Import                             1        0.000 ( 0.12%)        0.002 ( 0.54%)
    Parse Context                            1        0.000 ( 0.07%)        0.000 ( 0.08%)
    Distribute Devices                       1        0.000 ( 0.00%)        0.000 ( 0.11%)
    Verify Devices                           1        0.000 ( 0.00%)        0.000 (<0.01%)
    Instantiate                              1        0.000 ( 0.00%)        0.000 ( 0.05%)
  Late Initialization                        1        0.000 ( 0.00%)        0.001 ( 0.26%)
    Global Indices                           1        0.000 ( 0.00%)        0.000 ( 0.01%)
  Setup Matrix Structure                     1        0.000 ( 0.00%)        0.000 ( 0.06%)

