
*****
***** Welcome to the Xyce(TM) Parallel Electronic Simulator
*****
***** This is version Xyce Release 7.10-opensource
***** Date: Mon Aug 10 11:04:40 CEST 2026


***** Executing netlist /evidence/work/xyce-ac-derived.cir

***** Reading and parsing netlist...
Netlist warning: No print specified
***** Setting up topology...

***** Device Count Summary ...
       C level 1 (Capacitor)                  1
       I level 1 (Independent Current Source) 1
       R level 1 (Resistor)                   1
       ----------------------------------------
       Total Devices                          3
***** Setting up matrix structure...
***** Number of Unknowns = 1
***** Initializing...


***** Solution Summary *****
	Number Successful Steps Taken:		51
	Number Failed Steps Attempted:		0
	Number Jacobians Evaluated:		1
	Number Linear Solves:			1
	Number Failed Linear Solves:		0
	Number Residual Evaluations:		3
	Number Nonlinear Convergence Failures:	0
	Total Residual Load Time:		5.81741e-05 seconds
	Total Jacobian Load Time:		6.91414e-06 seconds
	Total Linear Solution Time:		6.91414e-06 seconds


***** Total Simulation Solvers Run Time: 0.00153303 seconds
***** Total Elapsed Run Time:            0.00430202 seconds
*****
***** End of Xyce(TM) Simulation
*****

Timing summary of 1 processor
                 Stats                   Count       CPU Time              Wall Time
---------------------------------------- ----- --------------------- ---------------------
Xyce                                         1        0.012 (100.0%)        0.273 (100.0%)
  Analysis                                   1        0.001 ( 9.69%)        0.001 ( 0.55%)
    AC                                       1        0.001 ( 9.67%)        0.001 ( 0.54%)
      DC Nonlinear Solve                     1        0.000 ( 1.51%)        0.000 ( 0.16%)
        Residual                             3        0.000 ( 0.32%)        0.000 ( 0.02%)
        Jacobian                             1        0.000 ( 0.08%)        0.000 (<0.01%)
        Linear Solve                         1        0.000 ( 0.07%)        0.000 (<0.01%)
      AC Linear Solve                       51        0.000 ( 3.38%)        0.000 ( 0.15%)
        Linear Solve                        51        0.000 ( 2.45%)        0.000 ( 0.11%)
  Netlist Import                             1        0.001 ( 8.60%)        0.001 ( 0.46%)
    Parse Context                            1        0.000 ( 0.39%)        0.000 ( 0.06%)
    Distribute Devices                       1        0.000 ( 2.30%)        0.000 ( 0.10%)
    Verify Devices                           1        0.000 ( 0.07%)        0.000 (<0.01%)
    Instantiate                              1        0.000 ( 1.04%)        0.000 ( 0.05%)
  Late Initialization                        1        0.000 ( 0.36%)        0.001 ( 0.24%)
    Global Indices                           1        0.000 ( 0.28%)        0.000 ( 0.02%)
  Setup Matrix Structure                     1        0.000 ( 0.00%)        0.000 ( 0.07%)

